// Jest Snapshot v1, https://goo.gl/fbAQLP

exports[`Volunteers Page renders correctly 1`] = `
<div>
  <Styled(div)>
    <SectionHeading>
      <h2>
        Join Us
      </h2>
    </SectionHeading>
    <Divider />
    <SectionBody>
      <p>
        Welcome to a community where your knowledge and expertise will help to transform the lives of disadvantaged and underprivileged individuals, refugees and asylum seekers.
      </p>
      <p>
        A young nonprofit is a lot like a start-up: growing quickly and always looking for versatile people to join. Join us in one of 5 CYF cities worldwide or set up a new CYF chapter to support your local communities. We are looking for:
      </p>
      <ul>
        <li>
          <strong>
            Volunteers from virtually any background
          </strong>
          to help us run and grow our organisation.
        </li>
        <li>
          Professionals from the tech industry to join our
           
          <strong>
            mentorship programme
          </strong>
           and give a student guidance and support.
        </li>
        <li>
          <strong>
            Experienced web developers
          </strong>
           (HTML/CSS, JavaScript, Node, React, Databases) to help teach our classes.
        </li>
      </ul>
    </SectionBody>
    <CYFLink
      path="/apply"
      title="Become a Volunteer"
    />
  </Styled(div)>
  <div>
    <img
      alt="code-your-future-mentors"
      src="mentors.jpg"
    />
  </div>
</div>
`;
