// Jest Snapshot v1, https://goo.gl/fbAQLP

exports[`Footer Component renders correctly 1`] = `
<div
  className="section-container"
>
  <footer>
    <div
      className="container"
    >
      <Styled(div)>
        <div
          className="scroll-to-top"
        >
          <a
            href="#top"
          >
            <i
              className="fa fa-chevron-up"
            />
          </a>
        </div>
        <Styled(div)>
          <Styled(div)
            className="our-vendor"
          >
            © All rights reserved | Photos by © 
            <strong>
              <a
                href="http://www.alicerowsome.com"
                rel="noopener noreferrer"
                target="_blank"
              >
                Alice Rowsome
              </a>
            </strong>
             |  Registered charity number 
            <a
              href="http://beta.charitycommission.gov.uk/charity-details/?regid=1174929&subid=0"
              rel="noopener noreferrer"
              target="_blank"
            >
              1174929
            </a>
            .
          </Styled(div)>
          <Styled(div)>
            <a
              href="https://www.facebook.com/codeyourfuture.io"
              rel="noopener noreferrer"
              target="_blank"
            >
              <img
                alt="facebook"
                src="fb_logo.svg"
                style={
                  Object {
                    "height": "21px",
                    "width": "20px",
                  }
                }
              />
            </a>
            <a
              href="https://twitter.com/CodeYourFuture_"
              rel="noopener noreferrer"
              target="_blank"
            >
              <img
                alt="twitter"
                src="twitter-silhouette.svg"
                style={
                  Object {
                    "height": "21px",
                    "width": "20px",
                  }
                }
              />
            </a>
            <a
              href="https://www.Linkedin.com/company/codeyourfuture"
              rel="noopener noreferrer"
              target="_blank"
            >
              <img
                alt="Linkedin"
                src="linkedin-logo.svg"
                style={
                  Object {
                    "height": "21px",
                    "width": "20px",
                  }
                }
              />
            </a>
            <a
              href="mailto:contact@codeyourfuture.io"
              rel="noopener noreferrer"
              target="_blank"
            >
              <img
                alt="email"
                src="email-icon.svg"
                style={
                  Object {
                    "height": "21px",
                    "width": "20px",
                  }
                }
              />
            </a>
          </Styled(div)>
        </Styled(div)>
      </Styled(div)>
    </div>
  </footer>
</div>
`;
