// Jest Snapshot v1, https://goo.gl/fbAQLP

exports[`Banner Component renders 1`] = `
<Styled(div)>
  <Styled(img)
    alt="teaching=refugees-to-code"
    src="1.jpg"
  />
  <Styled(div)>
    <h1>
      Coding School for Refugees
    </h1>
    <p>
      Learn to code and find a job
    </p>
    <div
      className="page-title-bottom-link"
    >
      <withRouter() />
      <withRouter() />
    </div>
  </Styled(div)>
</Styled(div)>
`;
